../Core/Src/stuff.c:5:6:swapEndian	24	static
../Core/Src/stuff.c:24:9:writeEnable	40	static,ignoring_inline_asm
../Core/Src/stuff.c:66:9:writeData	320	static,ignoring_inline_asm
../Core/Src/stuff.c:219:10:readData	80	dynamic,ignoring_inline_asm
../Core/Src/stuff.c:262:9:chipErase	40	static,ignoring_inline_asm
../Core/Src/stuff.c:306:9:sectorErase	48	static,ignoring_inline_asm
../Core/Src/stuff.c:355:6:profileMemory	104	static
../Core/Src/stuff.c:414:6:getDir	88	static
../Core/Src/stuff.c:509:10:readFile	32	static
../Core/Src/stuff.c:532:9:SetupFilesystem	112	static
../Core/Src/stuff.c:557:9:writeFile	248	static
../Core/Src/stuff.c:908:9:deleteINode	240	static
../Core/Src/stuff.c:1289:9:writeINode	96	static
../Core/Src/stuff.c:1341:9:getINode	112	static
../Core/Src/stuff.c:1377:9:readINodes	120	static
../Core/Src/stuff.c:1422:9:checkINodeValidity	16	static
../Core/Src/stuff.c:1447:6:structToArray	16	static
../Core/Src/stuff.c:1463:6:swap	24	static
../Core/Src/stuff.c:1470:6:sort	40	static
